// Jest Snapshot v1, https://goo.gl/fbAQLP

exports[`Input matches snapshot 1`] = `
<Fragment>
  <input
    aria-describedby="input-hint"
    className="nhsuk-input"
    initialvalue=""
    name="input"
    onChange={[Function]}
    type="text"
    value=""
  />
</Fragment>
`;
